ERROR: [^] full-entry citation missing label (line 5)
