ERROR: in-text citation [^] missing label (line 1)
