WARNING: in-text citation [^3] not properly quoted (line 3)
