ERROR: in-text citation [^2] not properly quoted (line 4)
