ERROR: in-text citation [^3 b] contains a space (line 1)
