ERROR: [^3a ] full-entry citation contains a space (line 6)
